exports[`Settings component renders correctly 1`] = `"<View style=\"padding-horizontal:16px;padding-top:16px;flex:1;background-color:#F9F9F9;\"><Text style=\"font-family:Rubik-Regular;background-color:rgba(0, 0, 0, 0);color:#222222;font-size:20px;line-height:25;letter-spacing:1px;\">Moneweb</Text><TextInput placeholder=\"Username\" value=\"\" style=\"background-color:#ffffff;height:55px;padding-left:15px;padding-right:15px;padding-top:18px;padding-bottom:18px;font-size:15px;font-family:Rubik;color:#666666;\"></TextInput><TextInput placeholder=\"Password\" value=\"\" style=\"background-color:#ffffff;height:55px;padding-left:15px;padding-right:15px;padding-top:18px;padding-bottom:18px;font-size:15px;font-family:Rubik;color:#666666;\"></TextInput><Text style=\"font-family:Rubik-Regular;background-color:rgba(0, 0, 0, 0);color:#222222;font-size:20px;line-height:25;letter-spacing:1px;\">Developer Tools</Text><Text style=\"color:#212121;\">Be careful with these.</Text><View style=\"background-color:#ffffff;flex-direction:row;align-items:center;justify-content:center;border-radius:2px;border-width:1px;border-color:#ffffff;padding-left:15px;padding-right:5px;opacity:1;\"><Text style=\"font-family:Rubik-Regular;background-color:rgba(0, 0, 0, 0);color:#555555;font-size:12px;line-height:16;letter-spacing:0.5px;\">Purge Local State</Text></View><View style=\"background-color:#ffffff;flex-direction:row;align-items:center;justify-content:center;border-radius:2px;border-width:1px;border-color:#ffffff;padding-left:15px;padding-right:5px;opacity:1;\"><Text style=\"font-family:Rubik-Regular;background-color:rgba(0, 0, 0, 0);color:#555555;font-size:12px;line-height:16;letter-spacing:0.5px;\">Open State Transition Explorer (BROKEN, DO NOT USE!)</Text></View></View>"`;
